// Jest Snapshot v1, https://goo.gl/fbAQLP

exports[`MeetProfessional component matches the snapshot 1`] = `
<DocumentFragment>
  <section
    class="MeetProfessional"
  >
    <aside
      class="MeetProfessional-img-wrapper"
    >
      <img
        alt=""
        src="miriam2.png"
      />
    </aside>
    <aside
      class="MeetProfessional-text-wrapper"
    >
      <small
        class="SmallCaption"
      >
        MEET THE LICENSED PROFESSIONAL
      </small>
      <h2
        class="SectionHeader"
      >
        Hello, my name is Miriam!
      </h2>
      <article>
        I am a licensed social worker and spiritual life coach who strives to help you uncover your purpose. I use a critically conscious lens, heart-centered approach and astrology charts to align with your higher authentic self. Let's go on this journey together as we sort through and make sense of each puzzle piece to form a full picture.
      </article>
      <button
        class="Button tertiary"
      >
        Read more
        <img
          alt=""
          class="Button-arrow"
          src="arrow.png"
        />
      </button>
    </aside>
  </section>
</DocumentFragment>
`;
