// Jest Snapshot v1, https://goo.gl/fbAQLP

exports[`FAQ component matches the snapshot 1`] = `
<DocumentFragment>
  <section
    class="FAQ"
  >
    <small
      class="SmallCaption"
      style="color: black;"
    >
      FAQ
    </small>
    <h2
      class="SectionHeader"
    >
      Frequently Asked Questions
    </h2>
    <div
      class="Question"
    >
      <div
        class="Question-question-wrapper"
      >
        <h3
          class="SectionHeader"
        >
          How much does a session cost?
        </h3>
        <img
          alt="Pick to expand question"
          src="expanded.png"
        />
      </div>
    </div>
    <div
      class="Question"
    >
      <div
        class="Question-question-wrapper"
      >
        <h3
          class="SectionHeader"
        >
          Where are sessions held?
        </h3>
        <img
          alt="Pick to expand question"
          src="expanded.png"
        />
      </div>
    </div>
    <div
      class="Question"
    >
      <div
        class="Question-question-wrapper"
      >
        <h3
          class="SectionHeader"
        >
          What is your deposit policy?
        </h3>
        <img
          alt="Pick to expand question"
          src="expanded.png"
        />
      </div>
    </div>
    <div
      class="Question"
    >
      <div
        class="Question-question-wrapper"
      >
        <h3
          class="SectionHeader"
        >
          What insurance do you accept?
        </h3>
        <img
          alt="Pick to expand question"
          src="expanded.png"
        />
      </div>
    </div>
  </section>
</DocumentFragment>
`;
