// Jest Snapshot v1, https://goo.gl/fbAQLP

exports[`Methodology component matches the snapshot 1`] = `
<DocumentFragment>
  <section
    class="Methodology"
  >
    <small
      class="SmallCaption"
      style="color: black;"
    >
      HOW I CAN HELP..
    </small>
    <h2
      class="SectionHeader"
    >
      My Process
    </h2>
    <div
      class="Methodology-methods"
    >
      <figure
        class="Method"
      >
        <img
          alt="Dreamwork"
          src="dreamwork.png"
        />
        <figcaption>
          <h3>
            Dreamwork
          </h3>
          <p>
            Decode symbols within your dreams to uncover subconscious messages
          </p>
        </figcaption>
      </figure>
      <figure
        class="Method"
      >
        <img
          alt="Shadow Work"
          src="shadow-work.png"
        />
        <figcaption>
          <h3>
            Shadow Work
          </h3>
          <p>
            Integrate the repressed and hidden parts of you
          </p>
        </figcaption>
      </figure>
      <figure
        class="Method"
      >
        <img
          alt="Emotional Processing"
          src="emotional-processing.png"
        />
        <figcaption>
          <h3>
            Emotional Processing
          </h3>
          <p>
            Understand and process your emotions from the past and present
          </p>
        </figcaption>
      </figure>
      <figure
        class="Method"
      >
        <img
          alt="Motivational Interviewing"
          src="motivational-interviewing.png"
        />
        <figcaption>
          <h3>
            Motivational Interviewing
          </h3>
          <p>
            Find internal motivation to change self-destructive behavior
          </p>
        </figcaption>
      </figure>
      <figure
        class="Method"
      >
        <img
          alt="Cognitive Behavioral"
          src="cognitive-behavioral.png"
        />
        <figcaption>
          <h3>
            Cognitive Behavioral
          </h3>
          <p>
            Release negative patterns and limiting beliefs
          </p>
        </figcaption>
      </figure>
      <figure
        class="Method"
      >
        <img
          alt="Person Centered"
          src="person-centered.png"
        />
        <figcaption>
          <h3>
            Person Centered
          </h3>
          <p>
            Gain the confidence to take charge of your own life
          </p>
        </figcaption>
      </figure>
    </div>
  </section>
</DocumentFragment>
`;
