// Jest Snapshot v1, https://goo.gl/fbAQLP

exports[`Hero component matches the snapshot 1`] = `
<DocumentFragment>
  <header
    class="Hero"
  >
    <section
      class="Hero-text-wrapper"
    >
      <h1>
        Break the cycle, become a better you
      </h1>
      <p>
        Start your journey today to be on your path to become the person you were always designed to be.
      </p>
      <div
        class="Hero-button-wrapper"
      >
        <button
          class="Button primary"
        >
          Browse services
        </button>
        <small>
          Licensed clinician with over 6 years experience delivering results to over 100 clients
        </small>
      </div>
    </section>
    <aside
      class="Hero-img-wrapper"
    >
      <img
        alt=""
        src="miriam.png"
      />
    </aside>
  </header>
</DocumentFragment>
`;
