// Jest Snapshot v1, https://goo.gl/fbAQLP

exports[`Navbar component matches the snapshot 1`] = `
<DocumentFragment>
  <nav
    class="Navbar"
  >
    <img
      alt=""
      src=""
    />
    <section
      class="Navbar-links"
    >
      <a
        aria-current="page"
        class="active"
        href="/"
      >
        Home
      </a>
      <a
        class=""
        href="/about-me"
      >
        About Me
      </a>
      <a
        class=""
        href="/services"
      >
        Services
      </a>
    </section>
    <a
      class="Link primary"
    >
      Book a free session
    </a>
  </nav>
</DocumentFragment>
`;
