// Jest Snapshot v1, https://goo.gl/fbAQLP

exports[`Services component matches the snapshot 1`] = `
<DocumentFragment>
  <section
    class="Services"
  >
    <div
      class="Services-header"
    >
      <small
        class="SmallCaption"
        style="color: black;"
      >
        DO WHAT IS BEST FOR YOU
      </small>
      <h2
        class="SectionHeader"
      >
        Choose your ideal environment
      </h2>
    </div>
    <div
      class="Services-options"
    >
      <div
        class="ServiceCard"
      >
        <h3
          class="SectionHeader"
        >
          Individual Quest
        </h3>
        <article
          class="ServiceCard-description"
        >
          Solo journey.
        </article>
        <button
          class="Button tertiary"
        >
          Learn more
          <img
            alt=""
            class="Button-arrow"
            src="arrow.png"
          />
        </button>
      </div>
      <div
        class="ServiceCard"
      >
        <h3
          class="SectionHeader"
        >
          Group Sessions
        </h3>
        <article
          class="ServiceCard-description"
        >
          Go on a collective journey with others.
        </article>
        <button
          class="Button tertiary"
        >
          Learn more
          <img
            alt=""
            class="Button-arrow"
            src="arrow.png"
          />
        </button>
      </div>
      <div
        class="ServiceCard"
      >
        <h3
          class="SectionHeader"
        >
          Facts and Questions
        </h3>
        <article
          class="ServiceCard-description"
        >
          Learn more about the practice.
        </article>
        <button
          class="Button tertiary"
        >
          Learn more
          <img
            alt=""
            class="Button-arrow"
            src="arrow.png"
          />
        </button>
      </div>
    </div>
  </section>
</DocumentFragment>
`;
