// Jest Snapshot v1, https://goo.gl/fbAQLP

exports[`ServiceInfo component matches the snapshot 1`] = `
<DocumentFragment>
  <section
    class="ServiceInfo"
  >
    <div
      class="ServiceInfo-header"
    >
      <small
        class="SmallCaption"
        style="color: black;"
      >
        Specialized meets unconventional
      </small>
      <h2
        class="SectionHeader"
      >
        Choose your ideal environment
      </h2>
    </div>
    <div
      class="ServiceInfo-options"
    >
      <div
        class="ServiceCard"
      >
        <h3
          class="SectionHeader"
        >
          Individual Sessions
        </h3>
        <article
          class="ServiceCard-description"
        >
          One-to-one sessions are individualized, evidence-based therapeutic services for ages 18 and up. Services include assessment, goal setting  and treatment palnning.
        </article>
        <a
          class="Link secondary"
        >
          Learn more
          <img
            alt=""
            class="Link-arrow"
            src="arrow.png"
          />
        </a>
      </div>
      <div
        class="ServiceCard"
      >
        <h3
          class="SectionHeader"
        >
          Group Sessions
        </h3>
        <article
          class="ServiceCard-description"
        >
          Group sessions are carefully curated and designed to explore a shared theme. Members learn from the experiences of others and develop a strong bond with group mates.
        </article>
        <a
          class="Link secondary"
        >
          Learn more
          <img
            alt=""
            class="Link-arrow"
            src="arrow.png"
          />
        </a>
      </div>
    </div>
  </section>
</DocumentFragment>
`;
