// Jest Snapshot v1, https://goo.gl/fbAQLP

exports[`Question component matches the snapshot 1`] = `
<DocumentFragment>
  <div
    class="Question"
  >
    <div
      class="Question-question-wrapper"
    >
      <h3
        class="SectionHeader"
      >
        What did the irritated test say?
      </h3>
      <img
        alt="Pick to expand question"
        src="expanded.png"
      />
    </div>
    <p
      class="Question-answer"
    >
      Don't test me
    </p>
  </div>
</DocumentFragment>
`;
