// Jest Snapshot v1, https://goo.gl/fbAQLP

exports[`ServiceCard component matches the snapshot 1`] = `
<DocumentFragment>
  <div
    class="ServiceCard"
  >
    <h3
      class="SectionHeader"
    >
      Individual Quest
    </h3>
    <article
      class="ServiceCard-description"
    >
      Solo journey.
    </article>
    <button
      class="Button secondary"
    >
      Learn more
      <img
        alt=""
        class="Button-arrow"
        src="arrow.png"
      />
    </button>
  </div>
</DocumentFragment>
`;
