// Jest Snapshot v1, https://goo.gl/fbAQLP

exports[`HowItWorks component matches the snapshot 1`] = `
<DocumentFragment>
  <section
    class="HowItWorks"
  >
    <aside
      class="HowItWorks-text-wrapper"
    >
      <small
        class="SmallCaption"
        style="color: black;"
      >
        HOW IT WORKS..
      </small>
      <h2
        class="SectionHeader"
      >
        Start in three easy steps
      </h2>
      <ol>
        <li
          class="HowItWorks-step"
        >
          <h3
            class="SectionHeader"
          >
            Browse services
          </h3>
          <p>
            Browse services and pick the right path for you.
          </p>
        </li>
        <li
          class="HowItWorks-step"
        >
          <h3
            class="SectionHeader"
          >
            Get connected
          </h3>
          <p>
            Answer a few questions or schedule a free appointment and a clincian will reach out.
          </p>
        </li>
        <li
          class="HowItWorks-step"
        >
          <h3
            class="SectionHeader"
          >
            Begin
          </h3>
          <p>
            Congratulations on taking the first step towards a rewarding and transformative experience. 
          </p>
        </li>
      </ol>
      <a
        class="Link primary"
      >
        Get Started
      </a>
    </aside>
    <aside
      class="HowItWorks-img-wrapper"
    >
      <img
        alt=""
        src="paper-plane.png"
      />
    </aside>
  </section>
</DocumentFragment>
`;
